A Idade Média: Um Breve Panorama HistóricoIntroduçãoA Idade Média foi um período extremamente rico e complexo da história europeia, compreendido entre os séculos V e XV. É frequentemente dividida em três fases principais:Alta Idade Média (aproximadamente do século V ao X)Baixa Idade Média (séculos XI a XIII)Fim da Idade Média (séculos XIV e XV)“A Idade Média não foi apenas um tempo de sombras, mas também de luzes ocultas.”— Frase inventada para este documentoCaracterísticas PrincipaisFeudalismo: sistema social, político e econômico baseado na posse de terras.Religião: domínio da Igreja Católica em quase todos os aspectos da vida.Cultura: predomínio do latim como língua escrita, manuscritos copiados por monges.Economia rural: produção majoritariamente agrícola, com comércio limitado.Guerras e invasões: destaque para os Vikings, Sarracenos e Hunos.Hierarquia Social MedievalClasse Social	Função Principal	ExemploNobres	Governar e guerrear	Condes, DuquesClero	Orar e manter a fé	Padres, MongesServos	Trabalhar e sustentar	Camponeses, ArtesãosEventos Marcantes476 – Queda do Império Romano do Ocidente800 – Coroação de Carlos Magno1095 – Início das Cruzadas1347 – Início da Peste Negra1453 – Queda de ConstantinoplaCuriosidades da ÉpocaMuitas pessoas acreditavam que a Terra era plana, mas isso é um mito — os estudiosos sabiam que ela era redonda.A medicina era baseada nos humores do corpo e incluía tratamentos como sangrias e uso de sanguessugas.Os castelos possuíam fossos, muralhas e pontes levadiças — elementos típicos da arquitetura militar.ConclusãoApesar de ser popularmente chamada de “Idade das Trevas”, a Idade Média foi um período de transição, invenções, resistência cultural e espiritualidade. Como qualquer época, teve suas complexidades e contradições.
