Page 1Page number is 1, section number is 1 Page 2, section 1Page 2Page number is 4, section numer is 2, Ug ug, page 5, section 2Even headerOdd header2even footer3odd footerSection 1, headerPage 1, section 2