

La Thuile, agosto de 1998 – Assembléia Internacional dos Responsáveis de CL


Carron

“O verdadeiro protagonista da história é o mendicante: Cristo, mendicante do coração do homem, e o homem, mendicante de Cristo”.
Hoje todos nós participamos deste gesto porque Ele nos mendiga. Como diz Sig Utset, Deus poderia obrigar a todos, como faz com as estrelas. Mas Ele se fez homem. Este gesto de hoje é a Sua iniciativa que uma vez mais mendiga o nosso ser. É a estima cheia de positividade da iniciativa dEle para conosco. O livro do Êxodo começa dizendo: “Vi a aflição de meu povo no Egito. Desci para libertá-los”. Cristo mendigo do nosso coração.
Mas não somos verdadeiros protagonistas deste dia se o nosso coração não se torna mendigo de Cristo. Assim Cristo nos ajuda a fazer o caminho da vida. Sem o Acontecimento da Sua Presença, não seria possível caminhar ao Destino.

1. Há um ano don Giuss nos disse que “as circunstâncias são o fator essencial à nossa vocação”. Nelas se manisfesta o rosto verdadeiro de Cristo.
Qual a circunstância que vivemos hoje, na qual Cristo se faz presente? Ela é definida pelo fato de não haver mais o eu. É dessa miséria que Cristo nos resgata, o que demonstra a sua ternura para conosco.
O que significa dizer que não “há mais o eu”? Existem somente as pessoas. Mas nós não conseguimos perceber os fatores originais do nosso eu, aqueles que nos constituem. A pergunta que nos constitue.
