I am a heaDDing1 titleI am some big heading2  test non-boldI am normal boldedI am normal italicI am big normalI am normal ariel